S(f,omega) = -1/pi * Im[Tr[hermconj(f)*drho(omega)]]  [fm^6/MeV]
Fully self-consistent response
 20Ne,  6 shells, DD-PC1    
Electromagnetism included in calculation
Pairing included in calculation
Isoscalar excitation
J = 3
K = 1
gamma_smear =   1.000 [MeV]
NGH = 48, NGL = 48
 
 omega[MeV/hbar]       Sp(f,omega)+Sn(f,omega)          Sn(f,omega)          Sp(f,omega)
 
        5.00000                  71.3440858795        35.0656876166        36.2783982628
       10.00000                  96.9931850661        46.9330236027        50.0601614634
       15.00000                 254.5268494619       122.6918305012       131.8350189607
       20.00000                  33.7788735922        17.1738904049        16.6049831872
       25.00000                  23.8120244497        12.9696663639        10.8423580858
       30.00000                  17.3469728120         8.4406917098         8.9062811022
       35.00000                 100.8730317423        44.0817722718        56.7912594705
       40.00000                  71.0950493972        37.2004008565        33.8946485407
