S(f,omega) = -1/pi * Im[Tr[hermconj(f)*drho(omega)]]  [fm^4/MeV]
Fully self-consistent response
 84Zr, 10 shells, DD-PC1    
Electromagnetism included in calculation
Pairing included in calculation
Isovector excitation
J = 2
K = 1
gamma_smear =   1.000 [MeV]
NGH = 48, NGL = 48
 
 omega[MeV/hbar]       Sp(f,omega)+Sn(f,omega)          Sn(f,omega)          Sp(f,omega)
 
        5.00000                   3.7140199971         3.2813891612         0.4326308359
       10.00000                   3.1965998817         1.9249947424         1.2716051394
       15.00000                   2.8491612010         1.5412036828         1.3079575183
       20.00000                  15.1188879426         7.0301685646         8.0887193779
       25.00000                  46.6652523345        24.9542393170        21.7110130175
       30.00000                  97.0351147363        50.1997882346        46.8353265016
       35.00000                  23.6879073247        12.0174546732        11.6704526515
       40.00000                  12.1233985944         6.1279481289         5.9954504655
