S(f,omega) = -1/pi * Im[Tr[hermconj(f)*drho(omega)]]  [fm^4/MeV]
Fully self-consistent response
 84Zr, 10 shells, DD-PC1    
Electromagnetism included in calculation
Pairing included in calculation
Isovector excitation
J = 2
K = 2
gamma_smear =   1.000 [MeV]
NGH = 48, NGL = 48
 
 omega[MeV/hbar]       Sp(f,omega)+Sn(f,omega)          Sn(f,omega)          Sp(f,omega)
 
        5.00000                   3.7140198965         3.2813891509         0.4326307456
       10.00000                   3.1965998771         1.9249946158         1.2716052613
       15.00000                   2.8491612739         1.5412037601         1.3079575138
       20.00000                  15.1188884686         7.0301696697         8.0887187989
       25.00000                  46.6652517181        24.9542384129        21.7110133052
       30.00000                  97.0351114317        50.1997862243        46.8353252074
       35.00000                  23.6879079549        12.0174551210        11.6704528339
       40.00000                  12.1233983398         6.1279479844         5.9954503554
