S(f,omega) = -1/pi * Im[Tr[hermconj(f)*drho(omega)]]  [fm^6/MeV]
Fully self-consistent response
 84Zr, 10 shells, DD-PC1    
Electromagnetism included in calculation
Pairing included in calculation
Isovector excitation
J = 3
K = 3
gamma_smear =   1.000 [MeV]
NGH = 48, NGL = 48
 
 omega[MeV/hbar]       Sp(f,omega)+Sn(f,omega)          Sn(f,omega)          Sp(f,omega)
 
        5.00000                 164.4819920002       187.6477178546       -23.1657258544
       10.00000                 407.9241905502       236.8724918557       171.0516986945
       15.00000                2250.1260717885      1249.6188566453      1000.5072151432
       20.00000                 767.6917494142       396.2789791942       371.4127702200
       25.00000                 412.7629155808       114.5365123400       298.2264032409
       30.00000                 607.6895487374       341.0060697038       266.6834790336
       35.00000                1546.2245816486       877.7356759069       668.4889057416
       40.00000                1394.6354184135       679.6910609652       714.9443574483
