S(f,omega) = -1/pi * Im[Tr[hermconj(f)*drho(omega)]]  [fm^4/MeV]
Fully self-consistent response
 84Zr, 10 shells, DD-PC1    
Electromagnetism included in calculation
Pairing included in calculation
Isoscalar excitation
J = 2
K = 0
gamma_smear =   1.000 [MeV]
NGH = 48, NGL = 48
 
 omega[MeV/hbar]       Sp(f,omega)+Sn(f,omega)          Sn(f,omega)          Sp(f,omega)
 
        5.00000                  31.5919694400        17.2203636564        14.3716057836
       10.00000                  24.7155883427        12.6844888762        12.0310994665
       15.00000                 107.0087913485        53.6210193136        53.3877720348
       20.00000                  39.7574716917        19.3494621046        20.4080095871
       25.00000                   8.9181104605         6.0806681427         2.8374423178
       30.00000                   3.1849102591         3.2746849146        -0.0897746555
       35.00000                   1.3344282857         0.8407152632         0.4937130225
       40.00000                   0.7818885671         0.4571930300         0.3246955371
