S(f,omega) = -1/pi * Im[Tr[hermconj(f)*drho(omega)]]  [fm^4/MeV]
Fully self-consistent response
 84Zr, 10 shells, DD-PC1    
Electromagnetism included in calculation
Pairing included in calculation
Isoscalar excitation
J = 2
K = 1
gamma_smear =   1.000 [MeV]
NGH = 48, NGL = 48
 
 omega[MeV/hbar]       Sp(f,omega)+Sn(f,omega)          Sn(f,omega)          Sp(f,omega)
 
        5.00000                  31.5919710802        17.2203644610        14.3716066193
       10.00000                  24.7155887760        12.6844889726        12.0310998034
       15.00000                 107.0087781694        53.6210120677        53.3877661017
       20.00000                  39.7574740714        19.3494628270        20.4080112444
       25.00000                   8.9181111735         6.0806689712         2.8374422023
       30.00000                   3.1849106085         3.2746858211        -0.0897752126
       35.00000                   1.3344283229         0.8407150826         0.4937132404
       40.00000                   0.7818885993         0.4571930741         0.3246955252
