S(f,omega) = -1/pi * Im[Tr[hermconj(f)*drho(omega)]]  [fm^6/MeV]
Fully self-consistent response
 84Zr, 10 shells, DD-PC1    
Electromagnetism included in calculation
Pairing included in calculation
Isoscalar excitation
J = 3
K = 0
gamma_smear =   1.000 [MeV]
NGH = 48, NGL = 48
 
 omega[MeV/hbar]       Sp(f,omega)+Sn(f,omega)          Sn(f,omega)          Sp(f,omega)
 
        5.00000                2938.3161217652      1574.5647823281      1363.7513394371
       10.00000                3184.1892938856      1625.0050364802      1559.1842574054
       15.00000                 504.0034088188       376.5574999868       127.4459088320
       20.00000                 484.9116625429       254.8889370021       230.0227255409
       25.00000                 559.8305280735       188.0703363190       371.7601917544
       30.00000                2828.9718257180      1451.6472504833      1377.3245752347
       35.00000                 735.0663190426       472.1565530205       262.9097660221
       40.00000                 222.1644316195        93.4555518942       128.7088797253
