S(f,omega) = -1/pi * Im[Tr[hermconj(f)*drho(omega)]]  [fm^6/MeV]
Fully self-consistent response
 84Zr, 10 shells, DD-PC1    
Electromagnetism included in calculation
Pairing included in calculation
Isoscalar excitation
J = 3
K = 2
gamma_smear =   1.000 [MeV]
NGH = 48, NGL = 48
 
 omega[MeV/hbar]       Sp(f,omega)+Sn(f,omega)          Sn(f,omega)          Sp(f,omega)
 
        5.00000                2938.3159774775      1574.5647193082      1363.7512581692
       10.00000                3184.1892570292      1625.0050173481      1559.1842396811
       15.00000                 504.0034155508       376.5575181098       127.4458974409
       20.00000                 484.9116402491       254.8889316394       230.0227086096
       25.00000                 559.8305731841       188.0703429057       371.7602302784
       30.00000                2828.9720217004      1451.6473126923      1377.3247090081
       35.00000                 735.0663065309       472.1565553537       262.9097511772
       40.00000                 222.1644513221        93.4555633570       128.7088879651
