S(f,omega) = -1/pi * Im[Tr[hermconj(f)*drho(omega)]]  [fm^6/MeV]
Fully self-consistent response
 84Zr, 10 shells, DD-PC1    
Electromagnetism included in calculation
Pairing included in calculation
Isoscalar excitation
J = 3
K = 3
gamma_smear =   1.000 [MeV]
NGH = 48, NGL = 48
 
 omega[MeV/hbar]       Sp(f,omega)+Sn(f,omega)          Sn(f,omega)          Sp(f,omega)
 
        5.00000                2938.3162292440      1574.5648253480      1363.7514038960
       10.00000                3184.1891435966      1625.0049561343      1559.1841874624
       15.00000                 504.0034302500       376.5575477153       127.4458825347
       20.00000                 484.9116513645       254.8889299824       230.0227213821
       25.00000                 559.8305904618       188.0703464747       371.7602439871
       30.00000                2828.9721498701      1451.6473641718      1377.3247856983
       35.00000                 735.0662899189       472.1565500134       262.9097399055
       40.00000                 222.1644041183        93.4555609729       128.7088431454
